Microsoft Windows [Version 10.0.19045.6093]
(c) Microsoft Corporation. All rights reserved.

C:\>mkdir gitignore-demo

C:\>cd gitignore-demo

C:\gitignore-demo>git init
Initialized empty Git repository in C:/gitignore-demo/.git/

C:\gitignore-demo>git add main.txt pass.txt

C:\gitignore-demo>git show HEAD:main.txt
fatal: invalid object name 'HEAD'.

C:\gitignore-demo>git show
fatal: your current branch 'main' does not have any commits yet

C:\gitignore-demo>git commit -m "Initial commit for main.txt and pass.txt"
Author identity unknown

*** Please tell me who you are.

Run

  git config --global user.email "you@example.com"
  git config --global user.name "Your Name"

to set your account's default identity.
Omit --global to set the identity only in this repository.

fatal: unable to auto-detect email address (got 'Me@DESKTOP-QNSGOOE.(none)')

C:\gitignore-demo>git config user.name "chandu"

C:\gitignore-demo>git config user.email "chandu15230@gmail.com"

C:\gitignore-demo>git commit -m "Initial commit for main.txt and pass.txt"
[main (root-commit) a42035d] Initial commit for main.txt and pass.txt
 2 files changed, 2 insertions(+)
 create mode 100644 main.txt
 create mode 100644 pass.txt

C:\gitignore-demo>git show HEAD:main.txt
main file

C:\gitignore-demo>git show HEAD:pass.txt
password  - Chandu

C:\gitignore-demo>temp.txt .gitignore

C:\gitignore-demo>secret.txt .gitignore

C:\gitignore-demo>*.log .gitignore
'*.log' is not recognized as an internal or external command,
operable program or batch file.

C:\gitignore-demo>ghy.log .gitignore

C:\gitignore-demo>git status
On branch main
Untracked files:
  (use "git add <file>..." to include in what will be committed)
        ghy.log
        secret.txt
        temp.txt

nothing added to commit but untracked files present (use "git add" to track)

C:\gitignore-demo>git show HEAD:temp.txt
fatal: path 'temp.txt' exists on disk, but not in 'HEAD'

C:\gitignore-demo>git add temp.txt

C:\gitignore-demo>git commit -m "temp.txt is also tracked"
[main 11e0612] temp.txt is also tracked
 1 file changed, 1 insertion(+)
 create mode 100644 temp.txt

C:\gitignore-demo>git show HEAD:temp.txt
Temporary file

C:\gitignore-demo>git status
On branch main
Untracked files:
  (use "git add <file>..." to include in what will be committed)
        ghy.log
        secret.txt

nothing added to commit but untracked files present (use "git add" to track)

C:\gitignore-demo>git rm --cached main.txt
rm 'main.txt'

C:\gitignore-demo>git commit -m "untrack main.txt"
[main 484088b] untrack main.txt
 1 file changed, 1 deletion(-)
 delete mode 100644 main.txt

C:\gitignore-demo>git status
On branch main
Untracked files:
  (use "git add <file>..." to include in what will be committed)
        ghy.log
        main.txt
        secret.txt

nothing added to commit but untracked files present (use "git add" to track)

C:\gitignore-demo>git show HEAD:main.txt
fatal: path 'main.txt' exists on disk, but not in 'HEAD'

C:\gitignore-demo>git status
On branch main
Untracked files:
  (use "git add <file>..." to include in what will be committed)
        ghy.log
        main.txt
        secret.txt

nothing added to commit but untracked files present (use "git add" to track)

C:\gitignore-demo>git rm ghy.log
fatal: pathspec 'ghy.log' did not match any files

C:\gitignore-demo>git add ghy.log

C:\gitignore-demo>git commit -m "log"
[main 25ece80] log
 1 file changed, 0 insertions(+), 0 deletions(-)
 create mode 100644 ghy.log

C:\gitignore-demo>git status
On branch main
Untracked files:
  (use "git add <file>..." to include in what will be committed)
        main.txt
        secret.txt

nothing added to commit but untracked files present (use "git add" to track)

C:\gitignore-demo>git rm "ghy.log"
rm 'ghy.log'

C:\gitignore-demo>git commit -m "removed ghy.log"
[main 6b3e56c] removed ghy.log
 1 file changed, 0 insertions(+), 0 deletions(-)
 delete mode 100644 ghy.log

C:\gitignore-demo>git status
On branch main
Untracked files:
  (use "git add <file>..." to include in what will be committed)
        main.txt
        secret.txt

nothing added to commit but untracked files present (use "git add" to track)

C:\gitignore-demo>git show
commit 6b3e56c51ef4ad4de7f0edf67b08d125b47c6033 (HEAD -> main)
Author: chandu <chandu15230@gmail.com>
Date:   Tue Jul 22 14:57:04 2025 +0530

    removed ghy.log

diff --git a/ghy.log b/ghy.log
deleted file mode 100644
index e69de29..0000000

C:\gitignore-demo>
